// Vitest Snapshot v1, https://vitest.dev/guide/snapshot.html

exports[`seeded full-run simulation > Re-Org balance table is stable (review the diff when tuning tiers) 1`] = `
{
  "reorg-10": {
    "design": "7,6,7,6,6",
    "eng": "3,6,7,7,7",
    "pm": "5,5,5,5,4",
  },
  "reorg-3": {
    "design": "6,9,8,9,6",
    "eng": "7,6,7,7,6",
    "pm": "8,5,5,6,5",
  },
  "reorg-7": {
    "design": "6,14,8,13,13",
    "eng": "6,6,7,9,6",
    "pm": "7,5,6,5,6",
  },
}
`;

exports[`seeded full-run simulation > balance outcome table is stable (review the diff when tuning) 1`] = `
{
  "design": {
    "1": "floors=13 turns=53",
    "1337": "floors=14 turns=40",
    "20260611": "floors=14 turns=48",
    "42": "floors=14 turns=50",
    "99999": "floors=14 turns=46",
  },
  "eng": {
    "1": "floors=13 turns=32",
    "1337": "floors=13 turns=30",
    "20260611": "floors=8 turns=14",
    "42": "floors=13 turns=30",
    "99999": "floors=13 turns=26",
  },
  "pm": {
    "1": "floors=13 turns=37",
    "1337": "floors=13 turns=46",
    "20260611": "floors=9 turns=35",
    "42": "floors=12 turns=61",
    "99999": "floors=13 turns=42",
  },
}
`;
